<testsuites id="" name="" tests="2" failures="2" skipped="0" errors="0" time="2.119063">
<testsuite name="cross-browser.spec.ts" timestamp="2025-08-02T05:31:42.039Z" hostname="chromium" tests="1" failures="1" skipped="0" time="0.008" errors="0">
<testcase name="Cross-Browser Compatibility Tests › Homepage loads correctly across all browsers" classname="cross-browser.spec.ts" time="0.008">
<failure message="cross-browser.spec.ts:12:3 Homepage loads correctly across all browsers" type="FAILURE">
<![CDATA[  [chromium] › cross-browser.spec.ts:12:3 › Cross-Browser Compatibility Tests › Homepage loads correctly across all browsers 

    Error: browserType.launch: 
    ╔══════════════════════════════════════════════════════╗
    ║ Host system is missing dependencies to run browsers. ║
    ║ Please install them with the following command:      ║
    ║                                                      ║
    ║     sudo npx playwright install-deps                 ║
    ║                                                      ║
    ║ Alternatively, use apt:                              ║
    ║     sudo apt-get install libglib2.0-0t64\            ║
    ║         libnspr4\                                    ║
    ║         libnss3\                                     ║
    ║         libdbus-1-3\                                 ║
    ║         libatk1.0-0t64\                              ║
    ║         libatk-bridge2.0-0t64\                       ║
    ║         libatspi2.0-0t64\                            ║
    ║         libxcomposite1\                              ║
    ║         libxdamage1\                                 ║
    ║         libxext6\                                    ║
    ║         libxfixes3\                                  ║
    ║         libxrandr2\                                  ║
    ║         libgbm1\                                     ║
    ║         libxkbcommon0\                               ║
    ║         libasound2t64                                ║
    ║                                                      ║
    ║ <3 Playwright Team                                   ║
    ╚══════════════════════════════════════════════════════╝
]]>
</failure>
</testcase>
</testsuite>
<testsuite name="cross-browser.spec.ts" timestamp="2025-08-02T05:31:42.039Z" hostname="firefox" tests="1" failures="1" skipped="0" time="0.006" errors="0">
<testcase name="Cross-Browser Compatibility Tests › Homepage loads correctly across all browsers" classname="cross-browser.spec.ts" time="0.006">
<failure message="cross-browser.spec.ts:12:3 Homepage loads correctly across all browsers" type="FAILURE">
<![CDATA[  [firefox] › cross-browser.spec.ts:12:3 › Cross-Browser Compatibility Tests › Homepage loads correctly across all browsers 

    Error: browserType.launch: 
    ╔══════════════════════════════════════════════════════╗
    ║ Host system is missing dependencies to run browsers. ║
    ║ Please install them with the following command:      ║
    ║                                                      ║
    ║     sudo npx playwright install-deps                 ║
    ║                                                      ║
    ║ Alternatively, use apt:                              ║
    ║     sudo apt-get install libxext6\                   ║
    ║         libxrandr2\                                  ║
    ║         libxcomposite1\                              ║
    ║         libxcursor1\                                 ║
    ║         libxdamage1\                                 ║
    ║         libxfixes3\                                  ║
    ║         libxi6\                                      ║
    ║         libgtk-3-0t64\                               ║
    ║         libpangocairo-1.0-0\                         ║
    ║         libpango-1.0-0\                              ║
    ║         libatk1.0-0t64\                              ║
    ║         libcairo-gobject2\                           ║
    ║         libcairo2\                                   ║
    ║         libgdk-pixbuf-2.0-0\                         ║
    ║         libglib2.0-0t64\                             ║
    ║         libxrender1\                                 ║
    ║         libasound2t64\                               ║
    ║         libdbus-1-3                                  ║
    ║                                                      ║
    ║ <3 Playwright Team                                   ║
    ╚══════════════════════════════════════════════════════╝
]]>
</failure>
</testcase>
</testsuite>
</testsuites>